Date: 2026-09-13 IDT
[16:37:05.663] weston 15.0.1
               https://wayland.freedesktop.org
               Bug reports to: https://gitlab.freedesktop.org/wayland/weston/issues/
               Build: 15.0.1
[16:37:05.663] Command line: weston --backend=headless --renderer=gl --fake-seat --width=3200 --height=2400 --socket=mui-input --idle-time=0 --no-config
[16:37:05.663] OS: Linux, 7.3.0-rc2-1-cachyos-rc, #1 SMP PREEMPT_DYNAMIC Fri, 11 Sep 2026 06:51:19 +0000, x86_64
[16:37:05.663] Flight recorder: enabled, scopes subscribed: log
[16:37:05.663] Starting with no config file.
[16:37:05.663] Output repaint window is 7 ms maximum.
[16:37:05.663] Loading module '/usr/lib/libweston-15/headless-backend.so'
[16:37:05.667] Loading module '/usr/lib/libweston-15/gl-renderer.so'
[16:37:05.685] Using rendering device: /dev/dri/renderD129
[16:37:05.689] EGL version: 1.5
[16:37:05.689] EGL vendor: Mesa Project
[16:37:05.689] EGL client APIs: OpenGL OpenGL_ES 
[16:37:05.689] EGL features:
               EGL Wayland extension: no
               context priority: yes
               buffer age: no
               partial update: no
               swap buffers with damage: no
               configless context: yes
               surfaceless context: yes
               dmabuf support: modifiers
               fence sync: yes (native, wait)
[16:37:05.691] GL version: OpenGL ES 3.2 Mesa 26.2.2-arch3.2
[16:37:05.691] GLSL version: OpenGL ES GLSL ES 3.20
[16:37:05.691] GL vendor: AMD
[16:37:05.691] GL renderer: AMD Ryzen 7 7800X3D 8-Core Processor (radeonsi, raphael_mendocino, ACO, DRM 3.64, 7.3.0-rc2-1-cachyos-rc)
[16:37:05.694] GL ES 3.2 - renderer features:
               read-back format: ARGB8888
               glReadPixels supports y-flip: yes
               glReadPixels supports PBO: yes
               wl_shm 10 bpc formats: yes
               wl_shm 16 bpc formats: yes
               wl_shm half-float formats: yes
               internal R and RG formats: yes
               OES_EGL_image_external: yes
               GPU timeline: yes
               Texture immutability: yes
               Required precision: yes
[16:37:05.694] Using GL renderer
[16:37:05.694] Registered plugin API 'weston_windowed_output_api_headless_v2' of size 16
[16:37:05.694] Color manager: no-op
                 protocol support: no
[16:37:05.694] Output 'headless' attempts EOTF mode SDR and colorimetry mode default.
[16:37:05.694] Output 'headless' using color profile: stock sRGB color profile
[16:37:05.695] Output 'headless' enabled with head(s) headless
[16:37:05.695] Compositor capabilities:
               arbitrary surface rotation: yes
               screen capture uses y-flip: yes
               cursor planes: no
               arbitrary resolutions: no
               view mask clipping: yes
               explicit sync: yes
               color operations: yes
               color representation: yes
               presentation clock: CLOCK_MONOTONIC_RAW, id 4
               presentation clock resolution: 0.000000001 s
[16:37:05.695] Loading module '/usr/lib/weston/desktop-shell.so'
[16:37:05.695] launching '/usr/lib/weston/weston-keyboard'
[16:37:05.695] launching '/usr/lib/weston/weston-desktop-shell'
could not load cursor 'dnd-move'
could not load cursor 'dnd-copy'
could not load cursor 'dnd-none'
could not load cursor 'dnd-move'
could not load cursor 'dnd-copy'
could not load cursor 'dnd-none'
[16:37:27.951] caught signal 15
[16:37:27.952] BUG: finalizing a layer with views still on it.
